[
 {
  "specifier": true, 
  "local_file": false, 
  "name": "req", 
  "editable": false, 
  "uri": null, 
  "extras": [], 
  "vcs": null, 
  "path": null, 
  "line": "req==1.0    # comment", 
  "specs": [
   [
    "==", 
    "1.0"
   ]
  ], 
  "revision": null
 }
]