[
 {
  "extras": [], 
  "name": "Distutils2", 
  "specs": [
   [
    "==", 
    "1.0a3"
   ]
  ]
 }, 
 {
  "extras": [], 
  "name": "Sphinx", 
  "specs": [
   [
    "==", 
    "1.1.2"
   ]
  ]
 }, 
 {
  "extras": [], 
  "name": "Unipath", 
  "specs": [
   [
    "==", 
    "0.2.1"
   ]
  ]
 }, 
 {
  "extras": [], 
  "name": "bzr", 
  "specs": [
   [
    "==", 
    "2.5b4"
   ]
  ]
 }, 
 {
  "extras": [], 
  "name": "celery-haystack", 
  "specs": [
   [
    "==", 
    "0.6.2"
   ]
  ]
 }, 
 {
  "extras": [], 
  "name": "celery", 
  "specs": [
   [
    "==", 
    "3.0.9"
   ]
  ]
 }, 
 {
  "extras": [], 
  "name": "django-celery", 
  "specs": [
   [
    "==", 
    "3.0.9"
   ]
  ]
 }, 
 {
  "extras": [], 
  "name": "django-extensions", 
  "specs": [
   [
    "==", 
    "0.7.1"
   ]
  ]
 }, 
 {
  "extras": [], 
  "name": "django-guardian", 
  "specs": [
   [
    "==", 
    "1.0.4"
   ]
  ]
 }, 
 {
  "extras": [], 
  "name": "django-kombu", 
  "specs": [
   [
    "==", 
    "0.9.4"
   ]
  ]
 }, 
 {
  "extras": [], 
  "name": "django-profiles", 
  "specs": [
   [
    "==", 
    "0.2"
   ]
  ]
 }, 
 {
  "extras": [], 
  "name": "django-secure", 
  "specs": [
   [
    "==", 
    "0.1.2"
   ]
  ]
 }, 
 {
  "extras": [], 
  "name": "django", 
  "specs": [
   [
    "==", 
    "1.4.2"
   ]
  ]
 }, 
 {
  "extras": [], 
  "name": "docutils", 
  "specs": [
   [
    "==", 
    "0.8.1"
   ]
  ]
 }, 
 {
  "extras": [], 
  "name": "github2", 
  "specs": [
   [
    "==", 
    "0.5.2"
   ]
  ]
 }, 
 {
  "extras": [], 
  "name": "httplib2", 
  "specs": [
   [
    "==", 
    "0.7.2"
   ]
  ]
 }, 
 {
  "extras": [], 
  "name": "mercurial", 
  "specs": [
   [
    "==", 
    "2.4"
   ]
  ]
 }, 
 {
  "extras": [], 
  "name": "mimeparse", 
  "specs": [
   [
    "==", 
    "0.1.3"
   ]
  ]
 }, 
 {
  "extras": [], 
  "name": "redis", 
  "specs": [
   [
    "==", 
    "2.7.1"
   ]
  ]
 }, 
 {
  "extras": [], 
  "name": "simplejson", 
  "specs": [
   [
    "==", 
    "2.3.0"
   ]
  ]
 }, 
 {
  "extras": [], 
  "name": "slumber", 
  "specs": [
   [
    "==", 
    "0.4.2"
   ]
  ]
 }, 
 {
  "extras": [], 
  "name": "south", 
  "specs": [
   [
    "==", 
    "0.7.6"
   ]
  ]
 }, 
 {
  "extras": [], 
  "name": "sphinx-http-domain", 
  "specs": [
   [
    "==", 
    "0.2"
   ]
  ]
 }, 
 {
  "extras": [], 
  "name": "unittest-xml-reporting", 
  "specs": [
   [
    "==", 
    "1.3.1"
   ]
  ]
 }, 
 {
  "vcs": "git", 
  "uri": "git://github.com/toastdriven/django-haystack@259274e4127f723d76b893c87a82777f9490b960", 
  "name": "django_haystack"
 }, 
 {
  "vcs": "git", 
  "uri": "git://github.com/alex/django-filter.git", 
  "name": "django-filter"
 }, 
 {
  "vcs": "git", 
  "uri": "git://github.com/alex/django-taggit.git@36f6dabcf10e27c7d9442a94243d4189f2a4f121", 
  "name": "django_taggit-dev"
 }, 
 {
  "vcs": "git", 
  "uri": "git://github.com/ericflo/django-pagination.git@e5f669036c", 
  "name": "django_pagination-dev"
 }, 
 {
  "vcs": "git", 
  "uri": "git://github.com/nathanborror/django-basic-apps.git@171fdbe21a0dbbb38919a383cc265cb3cbc73771", 
  "name": "django_basic_apps-dev"
 }, 
 {
  "vcs": "git", 
  "uri": "git://github.com/nathanborror/django-registration.git@dc0b564b7bfb79f58592fe8ad836729a85ec17ae", 
  "name": "django_registration-dev"
 }, 
 {
  "vcs": "git", 
  "uri": "git://github.com/toastdriven/django-tastypie.git@c5451b90b18b0cb64841b2276d543230d5f58231", 
  "name": "django_tastypie-dev"
 }
]