[
 {
  "specifier": true, 
  "local_file": false, 
  "name": "PickyThing", 
  "editable": false, 
  "uri": null, 
  "extras": [], 
  "vcs": null, 
  "path": null, 
  "line": "PickyThing<1.6,>1.9,!=1.9.6,<2.0a0,==2.4c1", 
  "specs": [
   [
    "<", 
    "1.6"
   ], 
   [
    ">", 
    "1.9"
   ], 
   [
    "!=", 
    "1.9.6"
   ], 
   [
    "<", 
    "2.0a0"
   ], 
   [
    "==", 
    "2.4c1"
   ]
  ], 
  "revision": null
 }
]