[
 {
  "specifier": true,
  "local_file": false,
  "name": "a_b",
  "editable": false,
  "uri": null,
  "extras": [],
  "vcs": null,
  "path": null,
  "line": "a_b>=1.0",
  "specs": [
   [
    ">=",
    "1.0"
   ]
  ],
  "revision": null
 }
]
