[
 {
  "specifier": false, 
  "local_file": false, 
  "name": "MyProject", 
  "editable": true, 
  "uri": "svn+svn://svn.myproject.org/svn/MyProject", 
  "extras": [], 
  "vcs": "svn", 
  "path": null, 
  "line": "-e svn+svn://svn.myproject.org/svn/MyProject#egg=MyProject", 
  "specs": [], 
  "revision": null
 }, 
 {
  "specifier": false, 
  "local_file": false, 
  "name": "MyProject", 
  "editable": true, 
  "uri": "svn+http://svn.myproject.org/svn/MyProject/trunk", 
  "extras": [], 
  "vcs": "svn", 
  "path": null, 
  "line": "-e svn+http://svn.myproject.org/svn/MyProject/trunk@2019#egg=MyProject", 
  "specs": [], 
  "revision": "2019"
 }, 
 {
  "specifier": false, 
  "local_file": false, 
  "name": "MyProject", 
  "editable": false, 
  "uri": "svn+svn://svn.myproject.org/svn/MyProject", 
  "extras": [], 
  "vcs": "svn", 
  "path": null, 
  "line": "svn+svn://svn.myproject.org/svn/MyProject#egg=MyProject", 
  "specs": [], 
  "revision": null
 }, 
 {
  "specifier": false, 
  "local_file": false, 
  "name": "MyProject", 
  "editable": false, 
  "uri": "svn+http://svn.myproject.org/svn/MyProject/trunk", 
  "extras": [], 
  "vcs": "svn", 
  "path": null, 
  "line": "svn+http://svn.myproject.org/svn/MyProject/trunk@2019#egg=MyProject", 
  "specs": [], 
  "revision": "2019"
 }
]